
> frontend@0.1.0 start /home/zenit/e-commerce/apps/frontend
> next start

▲ Next.js 16.1.6
- Local:         http://localhost:3000
- Network:       http://139.59.98.14:3000

✓ Starting...
✓ Ready in 1059ms
 ELIFECYCLE  Command failed.

> frontend@0.1.0 start /home/zenit/e-commerce/apps/frontend
> next start

▲ Next.js 16.1.6
- Local:         http://localhost:3000
- Network:       http://139.59.98.14:3000

✓ Starting...
✓ Ready in 1176ms
 ELIFECYCLE  Command failed.

> frontend@0.1.0 start /home/zenit/e-commerce/apps/frontend
> next start

▲ Next.js 16.1.6
- Local:         http://localhost:3000
- Network:       http://139.59.98.14:3000

✓ Starting...
✓ Ready in 1183ms
 ELIFECYCLE  Command failed.

> frontend@0.1.0 start /home/zenit/e-commerce/apps/frontend
> next start

▲ Next.js 16.1.6
- Local:         http://localhost:3000
- Network:       http://139.59.98.14:3000

✓ Starting...
✓ Ready in 1361ms
 ELIFECYCLE  Command failed.

> frontend@0.1.0 start /home/zenit/e-commerce/apps/frontend
> next start

▲ Next.js 16.1.6
- Local:         http://localhost:3000
- Network:       http://139.59.98.14:3000

✓ Starting...
✓ Ready in 1341ms
 ELIFECYCLE  Command failed.

> frontend@0.1.0 start /home/zenit/e-commerce/apps/frontend
> next start

▲ Next.js 16.1.6
- Local:         http://localhost:3000
- Network:       http://139.59.98.14:3000

✓ Starting...
✓ Ready in 1028ms
 ELIFECYCLE  Command failed.

> frontend@0.1.0 start /home/zenit/e-commerce/apps/frontend
> next start

▲ Next.js 16.1.6
- Local:         http://localhost:3000
- Network:       http://139.59.98.14:3000

✓ Starting...
✓ Ready in 1084ms
 ELIFECYCLE  Command failed.

> frontend@0.1.0 start /home/zenit/e-commerce/apps/frontend
> next start

▲ Next.js 16.1.6
- Local:         http://localhost:3000
- Network:       http://139.59.98.14:3000

✓ Starting...
✓ Ready in 1092ms
 ELIFECYCLE  Command failed.

> frontend@0.1.0 start /home/zenit/e-commerce/apps/frontend
> next start

▲ Next.js 16.1.6
- Local:         http://localhost:3000
- Network:       http://139.59.98.14:3000

✓ Starting...
✓ Ready in 989ms
 ELIFECYCLE  Command failed.

> frontend@0.1.0 start /home/zenit/e-commerce/apps/frontend
> next start

▲ Next.js 16.1.6
- Local:         http://localhost:3000
- Network:       http://139.59.98.14:3000

✓ Starting...
✓ Ready in 1013ms
 ELIFECYCLE  Command failed.

> frontend@0.1.0 start /home/zenit/e-commerce/apps/frontend
> next start

▲ Next.js 16.1.6
- Local:         http://localhost:3000
- Network:       http://139.59.98.14:3000

✓ Starting...
✓ Ready in 2.2s
 ELIFECYCLE  Command failed.

> frontend@0.1.0 start /home/zenit/e-commerce/apps/frontend
> next start

▲ Next.js 16.1.6
- Local:         http://localhost:3000
- Network:       http://139.59.98.14:3000

✓ Starting...
✓ Ready in 1044ms
